Microchip MPLAB XC8 Compiler V3.00

Linker command line:

-W-3 \
  --edf=C:\Program Files\Microchip\xc8\v3.00\pic\dat\20241204225717_en.msgs \
  -cn -h+dist/default/production\EEPROM_UART_PIC.X.production.sym \
  --cmf=dist/default/production\EEPROM_UART_PIC.X.production.cmf -z \
  -Q16F877A -oC:\Users\arsha\AppData\Local\Temp\xcAsbr4.\driver_tmp_3.o \
  --defsym=__MPLAB_BUILD=1 --fixupoverflow=error \
  -Mdist/default/production/EEPROM_UART_PIC.X.production.map \
  --md=C:\Users\arsha\AppData\Local\Temp\xcAsbr4.\driver_tmp_0.dat -E1 \
  -ver=XC8 Compiler -ACODE=00h-07FFhx4 -ASTRCODE=00h-01FFFh \
  -ASTRING=00h-0FFhx32 -ACONST=00h-0FFhx32 -AENTRY=00h-0FFhx32 \
  -ACOMMON=070h-07Fh -ABANK0=020h-06Fh -ABANK1=0A0h-0EFh \
  -ABANK2=0110h-016Fh -ABANK3=0190h-01EFh \
  -ARAM=020h-06Fh,0A0h-0EFh,0110h-016Fh,0190h-01EFh \
  -AABS1=020h-07Fh,0A0h-0EFh,0110h-016Fh,0190h-01EFh -ASFR0=00h-01Fh \
  -ASFR1=080h-09Fh -ASFR2=0100h-010Fh -ASFR3=0180h-018Fh \
  -ACONFIG=02007h-02007h -DCONFIG=2 -AIDLOC=02000h-02003h -DIDLOC=2 \
  -AEEDATA=00h-0FFh/02100h -peeprom_data=EEDATA -DEEDATA=2 -DCODE=2 \
  -DSTRCODE=2 -DSTRING=2 -DCONST=2 -DENTRY=2 \
  -preset_vec=00h,intentry,sivt,init,end_init -ppowerup=CODE -pcinit=CODE \
  -pfunctab=ENTRY -k \
  C:\Users\arsha\AppData\Local\Temp\xcAsbr4.\driver_tmp_17.o \
  dist/default/production\EEPROM_UART_PIC.X.production.o 

Object code version is 3.11

Machine type is 16F877A



                Name                               Link     Load   Length Selector   Space Scale
C:\Users\arsha\AppData\Local\Temp\xcAsbr4.\driver_tmp_17.o
                end_init                              0        0        3        0       0
                config                             2007     2007        1        0       4
dist/default/production\EEPROM_UART_PIC.X.production.o
                cinit                               7EC      7EC       14      FD8       0
                config                             2007     2007        1        0       4
                text17                              3B6      3B6       10      76C       0
                text16                              3D8      3D8       17      7B0       0
                text15                              39A      39A        8      734       0
                text14                              4AB      4AB       46      956       0
                text13                              435      435       25      86A       0
                text12                              4F1      4F1       53      9E2       0
                text11                              399      399        1      732       0
                text10                              6A0      6A0       9A      D40       0
                text9                               480      480       2B      900       0
                text8                               544      544       53      A88       0
                text7                               597      597       7C      B2E       0
                text6                               73A      73A       B2      E74       0
                text5                               3EF      3EF       23      7DE       0
                text4                               412      412       23      824       0
                text3                               3C6      3C6       12      78C       0
                text2                               3AA      3AA        C      754       0
                text1                               45A      45A       26      8B4       0
                maintext                            613      613       8D      C26       0
                cstackBANK0                          20       20       4B       20       1
                cstackCOMMON                         70       70        E       70       1
                clrtext                             3A2      3A2        8      744       0
                bssBANK1                             A0       A0       20       A0       1
                bssBANK0                             6B       6B        5       20       1
                strings                               3        3       3E        6       0

TOTAL           Name                               Link     Load   Length     Space
        CLASS   CODE           
                end_init                              0        0        3         0
                cinit                               7EC      7EC       14         0
                text17                              3B6      3B6       10         0
                text16                              3D8      3D8       17         0
                text15                              39A      39A        8         0
                text14                              4AB      4AB       46         0
                text13                              435      435       25         0
                text12                              4F1      4F1       53         0
                text11                              399      399        1         0
                text10                              6A0      6A0       9A         0
                text9                               480      480       2B         0
                text8                               544      544       53         0
                text7                               597      597       7C         0
                text6                               73A      73A       B2         0
                text5                               3EF      3EF       23         0
                text4                               412      412       23         0
                text3                               3C6      3C6       12         0
                text2                               3AA      3AA        C         0
                text1                               45A      45A       26         0
                maintext                            613      613       8D         0
                clrtext                             3A2      3A2        8         0

        CLASS   STRCODE        

        CLASS   STRING         
                strings                               3        3       3E         0

        CLASS   CONST          

        CLASS   ENTRY          

        CLASS   COMMON         
                cstackCOMMON                         70       70        E         1

        CLASS   BANK0          
                cstackBANK0                          20       20       4B         1
                bssBANK0                             6B       6B        5         1

        CLASS   BANK1          
                bssBANK1                             A0       A0       20         1

        CLASS   BANK2          

        CLASS   BANK3          

        CLASS   RAM            

        CLASS   ABS1           
                abs_s1                               7E       7E        2         1

        CLASS   SFR0           

        CLASS   SFR1           

        CLASS   SFR2           

        CLASS   SFR3           

        CLASS   CONFIG         
                config                             2007     2007        1         4

        CLASS   IDLOC          

        CLASS   EEDATA         

        CLASS   HEAP           

        CLASS   STACK          



SEGMENTS        Name                           Load    Length   Top    Selector   Space  Class     Delta

                reset_vec                      000000  000003  000003         0       0  CODE        2
                strings                        000003  00003E  000041         6       0  STRING      2
                cstackBANK0                    000020  000050  000070        20       1  BANK0       1
                cstackCOMMON                   000070  00000E  00007E        70       1  COMMON      1
                bssBANK1                       0000A0  000020  0000C0        A0       1  BANK1       1
                text11                         000399  000001  00039A       732       0  CODE        2
                text15                         00039A  000008  0003A2       734       0  CODE        2
                clrtext                        0003A2  000008  0003AA       744       0  CODE        2
                text2                          0003AA  00000C  0003B6       754       0  CODE        2
                text17                         0003B6  000010  0003C6       76C       0  CODE        2
                text3                          0003C6  000012  0003D8       78C       0  CODE        2
                text16                         0003D8  000017  0003EF       7B0       0  CODE        2
                text5                          0003EF  000023  000412       7DE       0  CODE        2
                text4                          000412  000023  000435       824       0  CODE        2
                text13                         000435  000025  00045A       86A       0  CODE        2
                text1                          00045A  000026  000480       8B4       0  CODE        2
                text9                          000480  00002B  0004AB       900       0  CODE        2
                text14                         0004AB  000046  0004F1       956       0  CODE        2
                text12                         0004F1  000053  000544       9E2       0  CODE        2
                text8                          000544  000053  000597       A88       0  CODE        2
                text7                          000597  00007C  000613       B2E       0  CODE        2
                maintext                       000613  00008D  0006A0       C26       0  CODE        2
                text10                         0006A0  00009A  00073A       D40       0  CODE        2
                text6                          00073A  0000B2  0007EC       E74       0  CODE        2
                cinit                          0007EC  000014  000800       FD8       0  CODE        2


UNUSED ADDRESS RANGES

        Name                Unused          Largest block    Delta
        BANK1            00C0-00EF             30           1
        BANK2            0110-016F             60           1
        BANK3            0190-01EF             60           1
        CODE             0041-0398            358           2
                         0800-1FFF            800
        CONST            0041-0398            100           2
                         0800-1FFF            100
        EEDATA           2100-21FF            100           2
        ENTRY            0041-0398            100           2
                         0800-1FFF            100
        IDLOC            2000-2003              4           2
        RAM              00C0-00EF             30           1
                         0110-016F             60
                         0190-01EF             60
        SFR0             0000-001F             20           1
        SFR1             0080-009F             20           1
        SFR2             0100-010F             10           1
        SFR3             0180-018F             10           1
        STRCODE          0041-0398            358           2
                         0800-1FFF           1800
        STRING           0041-0398            100           2
                         0800-1FFF            100

                                  Symbol Table

?___wmul                    cstackCOMMON 0070
?_read_prec_or_width        cstackCOMMON 0076
?_sprintf                   cstackBANK0  004A
?_vfprintf                  cstackBANK0  0045
_EEADR                      (abs)        010D
_EECON1bits                 (abs)        018C
_EECON2                     (abs)        018D
_EEDATA                     (abs)        010C
_INTCONbits                 (abs)        000B
_PIR1bits                   (abs)        000C
_RCREG                      (abs)        001A
_RCSTAbits                  (abs)        0018
_SPBRG                      (abs)        0099
_TRISC6                     (abs)        043E
_TRISC7                     (abs)        043F
_TXREG                      (abs)        0019
_TXSTAbits                  (abs)        0098
__H__absolute__             __absolute__ 0000
__Habs1                     abs1         0000
__Hbank0                    bank0        0000
__Hbank1                    bank1        0000
__Hbank2                    bank2        0000
__Hbank3                    bank3        0000
__HbssBANK0                 bssBANK0     0000
__HbssBANK1                 bssBANK1     0000
__Hcinit                    cinit        0800
__Hclrtext                  clrtext      0000
__Hcode                     code         0000
__Hcommon                   common       0000
__Hconfig                   config       2008
__HcstackBANK0              cstackBANK0  0000
__HcstackCOMMON             cstackCOMMON 0000
__Heeprom_data              eeprom_data  0000
__Hend_init                 end_init     0003
__Hfunctab                  functab      0000
__Hheap                     heap         0000
__Hinit                     init         0000
__Hintentry                 intentry     0000
__Hmaintext                 maintext     0000
__Hpowerup                  powerup      0000
__Hram                      ram          0000
__Hreset_vec                reset_vec    0000
__Hsfr0                     sfr0         0000
__Hsfr1                     sfr1         0000
__Hsfr2                     sfr2         0000
__Hsfr3                     sfr3         0000
__Hsivt                     sivt         0000
__Hspace_0                  (abs)        0800
__Hspace_1                  (abs)        00C0
__Hspace_2                  (abs)        0000
__Hspace_3                  (abs)        0000
__Hspace_4                  (abs)        400F
__Hstack                    stack        0000
__Hstrings                  strings      0000
__Htext                     text         0000
__L__absolute__             __absolute__ 0000
__Labs1                     abs1         0000
__Lbank0                    bank0        0000
__Lbank1                    bank1        0000
__Lbank2                    bank2        0000
__Lbank3                    bank3        0000
__LbssBANK0                 bssBANK0     0000
__LbssBANK1                 bssBANK1     0000
__Lcinit                    cinit        07EC
__Lclrtext                  clrtext      0000
__Lcode                     code         0000
__Lcommon                   common       0000
__Lconfig                   config       0000
__LcstackBANK0              cstackBANK0  0000
__LcstackCOMMON             cstackCOMMON 0000
__Leeprom_data              eeprom_data  0000
__Lend_init                 end_init     0000
__Lfunctab                  functab      0000
__Lheap                     heap         0000
__Linit                     init         0000
__Lintentry                 intentry     0000
__Lmaintext                 maintext     0000
__Lpowerup                  powerup      0000
__Lram                      ram          0000
__Lreset_vec                reset_vec    0000
__Lsfr0                     sfr0         0000
__Lsfr1                     sfr1         0000
__Lsfr2                     sfr2         0000
__Lsfr3                     sfr3         0000
__Lsivt                     sivt         0000
__Lspace_0                  (abs)        0000
__Lspace_1                  (abs)        0000
__Lspace_2                  (abs)        0000
__Lspace_3                  (abs)        0000
__Lspace_4                  (abs)        0000
__Lstack                    stack        0000
__Lstrings                  strings      0000
__Ltext                     text         0000
__S0                        (abs)        0800
__S1                        (abs)        00C0
__S3                        (abs)        0000
___heap_hi                  (abs)        0000
___heap_lo                  (abs)        0000
___int_sp                   stack        0000
___int_stack_hi             stack        0000
___int_stack_lo             stack        0000
___latbits                  (abs)        0002
___sp                       stack        0000
___stack_hi                 stack        0000
___stack_lo                 stack        0000
___stackhi                  (abs)        0000
___stacklo                  (abs)        0000
___wmul                     text13       0435
___wmul@multiplicand        cstackCOMMON 0072
___wmul@multiplier          cstackCOMMON 0070
___wmul@product             cstackCOMMON 0074
__end_of___wmul             text13       045A
__end_of__initialization    cinit        07FC
__end_of__stringtab         strings      0013
__end_of_eep_read           text17       03C6
__end_of_eep_write          text16       03EF
__end_of_fputc              text10       073A
__end_of_fputs              text9        04AB
__end_of_main               maintext     06A0
__end_of_pad                text8        0597
__end_of_putch              text11       039A
__end_of_read_hex           text14       04F1
__end_of_read_prec_or_width text12       0544
__end_of_sprintf            text4        0435
__end_of_uart_init          text3        03D8
__end_of_uart_rx            text15       03A2
__end_of_uart_send_string   text1        0480
__end_of_uart_tx            text2        03B6
__end_of_vfpfcnvrt          text6        07EC
__end_of_vfprintf           text5        0412
__end_of_xtoa               text7        0613
__initialization            cinit        07EC
__pbssBANK0                 bssBANK0     006B
__pbssBANK1                 bssBANK1     00A0
__pcstackBANK0              cstackBANK0  0020
__pcstackCOMMON             cstackCOMMON 0070
__pmaintext                 maintext     0613
__pstrings                  strings      0003
__ptext1                    text1        045A
__ptext10                   text10       06A0
__ptext11                   text11       0399
__ptext12                   text12       04F1
__ptext13                   text13       0435
__ptext14                   text14       04AB
__ptext15                   text15       039A
__ptext16                   text16       03D8
__ptext17                   text17       03B6
__ptext2                    text2        03AA
__ptext3                    text3        03C6
__ptext4                    text4        0412
__ptext5                    text5        03EF
__ptext6                    text6        073A
__ptext7                    text7        0597
__ptext8                    text8        0544
__ptext9                    text9        0480
__stringbase                strings      0012
__stringtab                 strings      0003
_dbuf                       bssBANK1     00A0
_eep_read                   text17       03B6
_eep_write                  text16       03D8
_flags                      bssBANK0     006F
_fputc                      text10       06A0
_fputs                      text9        0480
_main                       maintext     0613
_pad                        text8        0544
_prec                       bssBANK0     006D
_putch                      text11       0399
_read_hex                   text14       04AB
_read_hex$242               cstackCOMMON 0071
_read_hex$244               cstackCOMMON 0073
_read_prec_or_width         text12       04F1
_sprintf                    text4        0412
_uart_init                  text3        03C6
_uart_rx                    text15       039A
_uart_send_string           text1        045A
_uart_tx                    text2        03AA
_vfpfcnvrt                  text6        073A
_vfprintf                   text5        03EF
_width                      bssBANK0     006B
_xtoa                       text7        0597
btemp                       (abs)        007E
clear_ram0                  clrtext      03A2
eep_read@addr               cstackCOMMON 0070
eep_write@addr              cstackCOMMON 0071
eep_write@data              cstackCOMMON 0070
end_of_initialization       cinit        07FC
fputc@c                     cstackCOMMON 0070
fputc@fp                    cstackCOMMON 0072
fputs@c                     cstackBANK0  0025
fputs@fp                    cstackBANK0  0021
fputs@i                     cstackBANK0  0026
fputs@s                     cstackBANK0  0020
intlevel0                   functab      0000
intlevel1                   functab      0000
intlevel2                   functab      0000
intlevel3                   functab      0000
intlevel4                   functab      0000
intlevel5                   functab      0000
main@addr                   cstackBANK0  0069
main@cmd                    cstackBANK0  006A
main@data                   cstackBANK0  0067
main@hexstr                 cstackBANK0  005D
main@value                  cstackBANK0  0068
pad@buf                     cstackBANK0  002A
pad@fp                      cstackBANK0  0028
pad@i                       cstackBANK0  002D
pad@p                       cstackBANK0  002B
read_hex@h                  cstackCOMMON 0077
read_hex@hi                 cstackCOMMON 0075
read_hex@l                  cstackCOMMON 0078
read_hex@lo                 cstackCOMMON 0076
read_prec_or_width@ap       cstackCOMMON 0077
read_prec_or_width@c        cstackCOMMON 0078
read_prec_or_width@fmt      cstackCOMMON 0076
read_prec_or_width@n        cstackCOMMON 0079
reset_vec                   reset_vec    0000
sprintf@ap                  cstackBANK0  004F
sprintf@f                   cstackBANK0  0050
sprintf@fmt                 cstackBANK0  004B
sprintf@s                   cstackBANK0  004A
start                       init         0000
start_initialization        cinit        07EC
uart_send_string@s          cstackCOMMON 0071
uart_tx@data                cstackCOMMON 0070
vfpfcnvrt@ap                cstackBANK0  003C
vfpfcnvrt@convarg           cstackBANK0  003F
vfpfcnvrt@cp                cstackBANK0  0044
vfpfcnvrt@done              cstackBANK0  0043
vfpfcnvrt@fmt               cstackBANK0  003B
vfpfcnvrt@fp                cstackBANK0  0039
vfprintf@ap                 cstackBANK0  0048
vfprintf@cfmt               cstackBANK0  0049
vfprintf@fmt                cstackBANK0  0047
vfprintf@fp                 cstackBANK0  0045
wtemp0                      (abs)        007E
xtoa@c                      cstackBANK0  0036
xtoa@d                      cstackBANK0  0031
xtoa@fp                     cstackBANK0  002F
xtoa@i                      cstackBANK0  0037
xtoa@p                      cstackBANK0  0033
xtoa@w                      cstackBANK0  0034


MODULE INFORMATION

Module		Function		Class		Link	Load	Size
C:\Program Files\Microchip\xc8\v3.00\pic\sources\c99\common\nf_fputc.c
		_fputc         		CODE           	06A0	0000	154

C:\Program Files\Microchip\xc8\v3.00\pic\sources\c99\common\nf_fputc.c estimated size: 154

C:\Program Files\Microchip\xc8\v3.00\pic\sources\c99\common\Umul16.c
		___wmul        		CODE           	0435	0000	37

C:\Program Files\Microchip\xc8\v3.00\pic\sources\c99\common\Umul16.c estimated size: 37

C:\Program Files\Microchip\xc8\v3.00\pic\sources\c99\common\nf_sprintf.c
		_sprintf       		CODE           	0412	0000	35

C:\Program Files\Microchip\xc8\v3.00\pic\sources\c99\common\nf_sprintf.c estimated size: 35

newmain.c
		_uart_tx       		CODE           	03AA	0000	12
		_eep_write     		CODE           	03D8	0000	23
		_main          		CODE           	0613	0000	141
		_eep_read      		CODE           	03B6	0000	16
		_uart_rx       		CODE           	039A	0000	8
		_uart_init     		CODE           	03C6	0000	18
		_uart_send_string		CODE           	045A	0000	38
		_read_hex      		CODE           	04AB	0000	70

newmain.c estimated size: 326

C:\Program Files\Microchip\xc8\v3.00\pic\sources\c99\common\putch.c
		_putch         		CODE           	0399	0000	1

C:\Program Files\Microchip\xc8\v3.00\pic\sources\c99\common\putch.c estimated size: 1

shared
		__stringtab    		STRING         	0003	0000	16
		__initialization		CODE           	07EC	0000	16

shared estimated size: 32

C:\Program Files\Microchip\xc8\v3.00\pic\sources\c99\common\nf_fputs.c
		_fputs         		CODE           	0480	0000	43

C:\Program Files\Microchip\xc8\v3.00\pic\sources\c99\common\nf_fputs.c estimated size: 43

C:\Program Files\Microchip\xc8\v3.00\pic\sources\c99\common\doprnt.c
		_read_prec_or_width		CODE           	04F1	0000	83
		_vfpfcnvrt     		CODE           	073A	0000	178
		_pad           		CODE           	0544	0000	83
		_vfprintf      		CODE           	03EF	0000	35
		_xtoa          		CODE           	0597	0000	124

C:\Program Files\Microchip\xc8\v3.00\pic\sources\c99\common\doprnt.c estimated size: 503

