Microchip MPLAB XC8 Compiler V3.00

Linker command line:

-W-3 \
  --edf=C:\Program Files\Microchip\xc8\v3.00\pic\dat\20241204225717_en.msgs \
  -cn -h+dist/default/production\ADC_READER_UART_SELECT.X.production.sym \
  --cmf=dist/default/production\ADC_READER_UART_SELECT.X.production.cmf -z \
  -Q16F1519 -oC:\Users\arsha\AppData\Local\Temp\xcAs33k.\driver_tmp_3.o \
  --defsym=__MPLAB_BUILD=1 --fixupoverflow=error \
  -Mdist/default/production/ADC_READER_UART_SELECT.X.production.map \
  --md=C:\Users\arsha\AppData\Local\Temp\xcAs33k.\driver_tmp_0.dat -E1 \
  -ver=XC8 Compiler -ACODE=00h-07FFhx8 -ASTRCODE=00h-03FFFh \
  -ASTRING=00h-0FFhx64 -ACONST=00h-0FFhx64 -AENTRY=00h-0FFhx64 \
  -ACOMMON=070h-07Fh -ABANK0=020h-06Fh -ABANK1=0A0h-0EFh \
  -ABANK2=0120h-016Fh -ABANK3=01A0h-01EFh -ABANK4=0220h-026Fh \
  -ABANK5=02A0h-02EFh -ABANK6=0320h-036Fh -ABANK7=03A0h-03EFh \
  -ABANK8=0420h-046Fh -ABANK9=04A0h-04EFh -ABANK10=0520h-056Fh \
  -ABANK11=05A0h-05EFh -ABANK12=0620h-064Fh -ABIGRAM=02000h-023EFh \
  -ARAM=020h-06Fh,0A0h-0EFh,0120h-016Fh,01A0h-01EFh,0220h-026Fh,02A0h-02EFh,0320h-036Fh,03A0h-03EFh,0420h-046Fh,04A0h-04EFh,0520h-056Fh,05A0h-05EFh,0620h-064Fh \
  -AABS1=020h-07Fh,0A0h-0EFh,0120h-016Fh,01A0h-01EFh,0220h-026Fh,02A0h-02EFh,0320h-036Fh,03A0h-03EFh,0420h-046Fh,04A0h-04EFh,0520h-056Fh,05A0h-05EFh,0620h-064Fh \
  -ASFR0=00h-01Fh -ASFR1=080h-09Fh -ASFR2=0100h-011Fh -ASFR3=0180h-019Fh \
  -ASFR4=0200h-021Fh -ASFR5=0280h-029Fh -ASFR6=0300h-031Fh \
  -ASFR7=0380h-039Fh -ASFR8=0400h-041Fh -ASFR9=0480h-049Fh \
  -ASFR10=0500h-051Fh -ASFR11=0580h-059Fh -ASFR12=0600h-061Fh \
  -ASFR13=0680h-06EFh -ASFR14=0700h-076Fh -ASFR15=0780h-07EFh \
  -ASFR16=0800h-086Fh -ASFR17=0880h-08EFh -ASFR18=0900h-096Fh \
  -ASFR19=0980h-09EFh -ASFR20=0A00h-0A6Fh -ASFR21=0A80h-0AEFh \
  -ASFR22=0B00h-0B6Fh -ASFR23=0B80h-0BEFh -ASFR24=0C00h-0C6Fh \
  -ASFR25=0C80h-0CEFh -ASFR26=0D00h-0D6Fh -ASFR27=0D80h-0DEFh \
  -ASFR28=0E00h-0E6Fh -ASFR29=0E80h-0EEFh -ASFR30=0F00h-0F6Fh \
  -ASFR31=0F80h-0FEFh -ACONFIG=08007h-08008h -DCONFIG=2 \
  -AIDLOC=08000h-08003h -DIDLOC=2 -DCODE=2 -DSTRCODE=2 -DSTRING=2 -DCONST=2 \
  -DENTRY=2 -preset_vec=00h,intentry,sivt,init,end_init -ppowerup=CODE \
  -pcinit=CODE -pfunctab=ENTRY -k \
  C:\Users\arsha\AppData\Local\Temp\xcAs33k.\driver_tmp_12.o \
  dist/default/production\ADC_READER_UART_SELECT.X.production.o 

Object code version is 3.11

Machine type is 16F1519



                Name                               Link     Load   Length Selector   Space Scale
C:\Users\arsha\AppData\Local\Temp\xcAs33k.\driver_tmp_12.o
                end_init                              2        2        2        0       0
                reset_vec                             0        0        2        0       0
                config                             8007     8007        2        0       4
dist/default/production\ADC_READER_UART_SELECT.X.production.o
                cinit                               7EB      7EB       15      FD6       0
                config                             8007     8007        2        0       4
                text15                              1FB      1FB      1A4      3F6       0
                text14                               29       29       BA       52       0
                text13                              D4C      D4C        A     1A98       0
                text12                              E25      E25       5B     1C4A       0
                text11                              DD4      DD4       51     1BA8       0
                text10                                6        6       23        C       0
                text9                               5B0      5B0      23B      B60       0
                text8                               39F      39F      211      73E       0
                text7                               D7F      D7F       20     1AFE       0
                text6                               EED      EED       6F     1DDA       0
                text5                               F5C      F5C       A4     1EB8       0
                text4                               D9F      D9F       35     1B3E       0
                text3                                E3       E3      118      1C6       0
                text2                               D56      D56       12     1AAC       0
                text1                               D44      D44        8     1A88       0
                maintext                            E80      E80       6D     1D00       0
                cstackBANK0                          20       20       46       20       1
                cstackCOMMON                         70       70        E       70       1
                cstackBANK1                          A0       A0       1E       A0       1
                inittext                            D3E      D3E        6     1A7C       0
                dataBANK1                            BE       BE       17       A0       1
                bssBANK0                             66       66        6       20       1
                idataBANK1                          D68      D68       17     1AD0       0

TOTAL           Name                               Link     Load   Length     Space
        CLASS   CODE           
                end_init                              2        2        2         0
                cinit                               7EB      7EB       15         0
                reset_vec                             0        0        2         0
                text15                              1FB      1FB      1A4         0
                text14                               29       29       BA         0
                text13                              D4C      D4C        A         0
                text12                              E25      E25       5B         0
                text11                              DD4      DD4       51         0
                text10                                6        6       23         0
                text9                               5B0      5B0      23B         0
                text8                               39F      39F      211         0
                text7                               D7F      D7F       20         0
                text6                               EED      EED       6F         0
                text5                               F5C      F5C       A4         0
                text4                               D9F      D9F       35         0
                text3                                E3       E3      118         0
                text2                               D56      D56       12         0
                text1                               D44      D44        8         0
                maintext                            E80      E80       6D         0
                inittext                            D3E      D3E        6         0
                idataBANK1                          D68      D68       17         0

        CLASS   STRCODE        

        CLASS   STRING         

        CLASS   CONST          

        CLASS   ENTRY          

        CLASS   COMMON         
                cstackCOMMON                         70       70        E         1

        CLASS   BANK0          
                cstackBANK0                          20       20       46         1
                bssBANK0                             66       66        6         1

        CLASS   BANK1          
                cstackBANK1                          A0       A0       1E         1
                dataBANK1                            BE       BE       17         1

        CLASS   BANK2          

        CLASS   BANK3          

        CLASS   BANK4          

        CLASS   BANK5          

        CLASS   BANK6          

        CLASS   BANK7          

        CLASS   BANK8          

        CLASS   BANK9          

        CLASS   BANK10         

        CLASS   BANK11         

        CLASS   BANK12         

        CLASS   BIGRAM         

        CLASS   RAM            

        CLASS   ABS1           
                abs_s1                               7E       7E        2         1

        CLASS   SFR0           

        CLASS   SFR1           

        CLASS   SFR2           

        CLASS   SFR3           

        CLASS   SFR4           

        CLASS   SFR5           

        CLASS   SFR6           

        CLASS   SFR7           

        CLASS   SFR8           

        CLASS   SFR9           

        CLASS   SFR10          

        CLASS   SFR11          

        CLASS   SFR12          

        CLASS   SFR13          

        CLASS   SFR14          

        CLASS   SFR15          

        CLASS   SFR16          

        CLASS   SFR17          

        CLASS   SFR18          

        CLASS   SFR19          

        CLASS   SFR20          

        CLASS   SFR21          

        CLASS   SFR22          

        CLASS   SFR23          

        CLASS   SFR24          

        CLASS   SFR25          

        CLASS   SFR26          

        CLASS   SFR27          

        CLASS   SFR28          

        CLASS   SFR29          

        CLASS   SFR30          

        CLASS   SFR31          

        CLASS   CONFIG         
                config                             8007     8007        2         4

        CLASS   IDLOC          

        CLASS   BANK31         

        CLASS   BANK30         

        CLASS   BANK29         

        CLASS   BANK28         

        CLASS   BANK27         

        CLASS   BANK26         

        CLASS   BANK25         

        CLASS   BANK24         

        CLASS   BANK23         

        CLASS   BANK22         

        CLASS   BANK21         

        CLASS   BANK20         

        CLASS   BANK19         

        CLASS   BANK18         

        CLASS   BANK17         

        CLASS   BANK16         

        CLASS   BANK15         

        CLASS   BANK14         

        CLASS   BANK13         

        CLASS   HEAP           

        CLASS   STACK          

        CLASS   EEDATA         



SEGMENTS        Name                           Load    Length   Top    Selector   Space  Class     Delta

                reset_vec                      000000  000004  000004         0       0  CODE        2
                text10                         000006  000023  000029         C       0  CODE        2
                cstackBANK0                    000020  00004C  00006C        20       1  BANK0       1
                text14                         000029  0000BA  0000E3        52       0  CODE        2
                cstackCOMMON                   000070  00000E  00007E        70       1  COMMON      1
                cstackBANK1                    0000A0  000035  0000D5        A0       1  BANK1       1
                text3                          0000E3  000118  0001FB       1C6       0  CODE        2
                text15                         0001FB  0001A4  00039F       3F6       0  CODE        2
                text8                          00039F  000211  0005B0       73E       0  CODE        2
                text9                          0005B0  00023B  0007EB       B60       0  CODE        2
                cinit                          0007EB  000015  000800       FD6       0  CODE        2
                inittext                       000D3E  000006  000D44      1A7C       0  CODE        2
                text1                          000D44  000008  000D4C      1A88       0  CODE        2
                text13                         000D4C  00000A  000D56      1A98       0  CODE        2
                text2                          000D56  000012  000D68      1AAC       0  CODE        2
                idataBANK1                     000D68  000017  000D7F      1AD0       0  CODE        2
                text7                          000D7F  000020  000D9F      1AFE       0  CODE        2
                text4                          000D9F  000035  000DD4      1B3E       0  CODE        2
                text11                         000DD4  000051  000E25      1BA8       0  CODE        2
                text12                         000E25  00005B  000E80      1C4A       0  CODE        2
                maintext                       000E80  00006D  000EED      1D00       0  CODE        2
                text6                          000EED  00006F  000F5C      1DDA       0  CODE        2
                text5                          000F5C  0000A4  001000      1EB8       0  CODE        2


UNUSED ADDRESS RANGES

        Name                Unused          Largest block    Delta
        BANK0            0006C-0006F               4           1
        BANK1            000D5-000EF              1B           1
        BANK10           00520-0056F              50           1
        BANK11           005A0-005EF              50           1
        BANK12           00620-0064F              30           1
        BANK2            00120-0016F              50           1
        BANK3            001A0-001EF              50           1
        BANK4            00220-0026F              50           1
        BANK5            002A0-002EF              50           1
        BANK6            00320-0036F              50           1
        BANK7            003A0-003EF              50           1
        BANK8            00420-0046F              50           1
        BANK9            004A0-004EF              50           1
        BIGRAM           02000-023EF             3F0           1
        CODE             00004-00005               2           2
                         00800-00D3D             53E
                         01000-03FFF             800
        CONST            00004-00005               2           2
                         00800-00D3D             100
                         01000-03FFF             100
        ENTRY            00004-00005               2           2
                         00800-00D3D             100
                         01000-03FFF             100
        IDLOC            08000-08003               4           2
        RAM              0006C-0006F               4           1
                         000D5-000EF              1B
                         00120-0016F              50
                         001A0-001EF              50
                         00220-0026F              50
                         002A0-002EF              50
                         00320-0036F              50
                         003A0-003EF              50
                         00420-0046F              50
                         004A0-004EF              50
                         00520-0056F              50
                         005A0-005EF              50
                         00620-0064F              30
        SFR0             00000-0001F              20           1
        SFR1             00080-0009F              20           1
        SFR10            00500-0051F              20           1
        SFR11            00580-0059F              20           1
        SFR12            00600-0061F              20           1
        SFR13            00680-006EF              70           1
        SFR14            00700-0076F              70           1
        SFR15            00780-007EF              70           1
        SFR16            00800-0086F              70           1
        SFR17            00880-008EF              70           1
        SFR18            00900-0096F              70           1
        SFR19            00980-009EF              70           1
        SFR2             00100-0011F              20           1
        SFR20            00A00-00A6F              70           1
        SFR21            00A80-00AEF              70           1
        SFR22            00B00-00B6F              70           1
        SFR23            00B80-00BEF              70           1
        SFR24            00C00-00C6F              70           1
        SFR25            00C80-00CEF              70           1
        SFR26            00D00-00D6F              70           1
        SFR27            00D80-00DEF              70           1
        SFR28            00E00-00E6F              70           1
        SFR29            00E80-00EEF              70           1
        SFR3             00180-0019F              20           1
        SFR30            00F00-00F6F              70           1
        SFR31            00F80-00FEF              70           1
        SFR4             00200-0021F              20           1
        SFR5             00280-0029F              20           1
        SFR6             00300-0031F              20           1
        SFR7             00380-0039F              20           1
        SFR8             00400-0041F              20           1
        SFR9             00480-0049F              20           1
        STRCODE          00004-00005               2           2
                         00800-00D3D             53E
                         01000-03FFF            3000
        STRING           00004-00005               2           2
                         00800-00D3D             100
                         01000-03FFF             100

                                  Symbol Table

?__Umul8_16              cstackCOMMON 00070
?___awdiv                cstackCOMMON 00070
?___awmod                cstackCOMMON 00070
?___fladd                cstackCOMMON 00070
?___fldiv                cstackBANK0  0004A
?___flmul                cstackBANK0  00030
?___flsub                cstackBANK0  00028
?___fltol                cstackBANK0  0004A
?___xxtofl               cstackCOMMON 00070
_ADCON0                  (abs)        0009D
_ADCON0bits              (abs)        0009D
_ADCON1                  (abs)        0009E
_ADRESH                  (abs)        0009C
_ADRESL                  (abs)        0009B
_ANSELA                  (abs)        0018C
_ANSELC                  (abs)        0018E
_BAUDCONbits             (abs)        0019F
_OSCCON                  (abs)        00099
_RCIF                    (abs)        0008D
_RCREG                   (abs)        00199
_RCSTAbits               (abs)        0019D
_SPBRG                   (abs)        0019B
_TRISA                   (abs)        0008C
_TRISCbits               (abs)        0008E
_TXIF                    (abs)        0008C
_TXREG                   (abs)        0019A
_TXSTA                   (abs)        0019E
_Vin                     bssBANK0     00066
__H__absolute__          __absolute__ 00000
__Habs1                  abs1         00000
__Hbank0                 bank0        00000
__Hbank1                 bank1        00000
__Hbank10                bank10       00000
__Hbank11                bank11       00000
__Hbank12                bank12       00000
__Hbank13                bank13       00000
__Hbank14                bank14       00000
__Hbank15                bank15       00000
__Hbank16                bank16       00000
__Hbank17                bank17       00000
__Hbank18                bank18       00000
__Hbank19                bank19       00000
__Hbank2                 bank2        00000
__Hbank20                bank20       00000
__Hbank21                bank21       00000
__Hbank22                bank22       00000
__Hbank23                bank23       00000
__Hbank24                bank24       00000
__Hbank25                bank25       00000
__Hbank26                bank26       00000
__Hbank27                bank27       00000
__Hbank28                bank28       00000
__Hbank29                bank29       00000
__Hbank3                 bank3        00000
__Hbank30                bank30       00000
__Hbank31                bank31       00000
__Hbank4                 bank4        00000
__Hbank5                 bank5        00000
__Hbank6                 bank6        00000
__Hbank7                 bank7        00000
__Hbank8                 bank8        00000
__Hbank9                 bank9        00000
__Hbigram                bigram       00000
__HbssBANK0              bssBANK0     00000
__Hcinit                 cinit        00800
__Hclrtext               clrtext      00000
__Hcode                  code         00000
__Hcommon                common       00000
__Hconfig                config       08009
__HcstackBANK0           cstackBANK0  00000
__HcstackBANK1           cstackBANK1  00000
__HcstackCOMMON          cstackCOMMON 00000
__HdataBANK1             dataBANK1    00000
__Heeprom_data           eeprom_data  00000
__Hend_init              end_init     00004
__Hfunctab               functab      00000
__Hheap                  heap         00000
__HidataBANK1            idataBANK1   00000
__Hinit                  init         00002
__Hinittext              inittext     00000
__Hintentry              intentry     00002
__Hmaintext              maintext     00000
__Hpowerup               powerup      00000
__Hram                   ram          00000
__Hreset_vec             reset_vec    00002
__Hsfr0                  sfr0         00000
__Hsfr1                  sfr1         00000
__Hsfr10                 sfr10        00000
__Hsfr11                 sfr11        00000
__Hsfr12                 sfr12        00000
__Hsfr13                 sfr13        00000
__Hsfr14                 sfr14        00000
__Hsfr15                 sfr15        00000
__Hsfr16                 sfr16        00000
__Hsfr17                 sfr17        00000
__Hsfr18                 sfr18        00000
__Hsfr19                 sfr19        00000
__Hsfr2                  sfr2         00000
__Hsfr20                 sfr20        00000
__Hsfr21                 sfr21        00000
__Hsfr22                 sfr22        00000
__Hsfr23                 sfr23        00000
__Hsfr24                 sfr24        00000
__Hsfr25                 sfr25        00000
__Hsfr26                 sfr26        00000
__Hsfr27                 sfr27        00000
__Hsfr28                 sfr28        00000
__Hsfr29                 sfr29        00000
__Hsfr3                  sfr3         00000
__Hsfr30                 sfr30        00000
__Hsfr31                 sfr31        00000
__Hsfr4                  sfr4         00000
__Hsfr5                  sfr5         00000
__Hsfr6                  sfr6         00000
__Hsfr7                  sfr7         00000
__Hsfr8                  sfr8         00000
__Hsfr9                  sfr9         00000
__Hsivt                  sivt         00002
__Hspace_0               (abs)        01000
__Hspace_1               (abs)        000D5
__Hspace_2               (abs)        00000
__Hspace_3               (abs)        00000
__Hspace_4               (abs)        10010
__Hstack                 stack        00000
__Hstrings               strings      00000
__Htext                  text         00000
__L__absolute__          __absolute__ 00000
__Labs1                  abs1         00000
__Lbank0                 bank0        00000
__Lbank1                 bank1        00000
__Lbank10                bank10       00000
__Lbank11                bank11       00000
__Lbank12                bank12       00000
__Lbank13                bank13       00000
__Lbank14                bank14       00000
__Lbank15                bank15       00000
__Lbank16                bank16       00000
__Lbank17                bank17       00000
__Lbank18                bank18       00000
__Lbank19                bank19       00000
__Lbank2                 bank2        00000
__Lbank20                bank20       00000
__Lbank21                bank21       00000
__Lbank22                bank22       00000
__Lbank23                bank23       00000
__Lbank24                bank24       00000
__Lbank25                bank25       00000
__Lbank26                bank26       00000
__Lbank27                bank27       00000
__Lbank28                bank28       00000
__Lbank29                bank29       00000
__Lbank3                 bank3        00000
__Lbank30                bank30       00000
__Lbank31                bank31       00000
__Lbank4                 bank4        00000
__Lbank5                 bank5        00000
__Lbank6                 bank6        00000
__Lbank7                 bank7        00000
__Lbank8                 bank8        00000
__Lbank9                 bank9        00000
__Lbigram                bigram       00000
__LbssBANK0              bssBANK0     00000
__Lcinit                 cinit        007EB
__Lclrtext               clrtext      00000
__Lcode                  code         00000
__Lcommon                common       00000
__Lconfig                config       00000
__LcstackBANK0           cstackBANK0  00000
__LcstackBANK1           cstackBANK1  00000
__LcstackCOMMON          cstackCOMMON 00000
__LdataBANK1             dataBANK1    00000
__Leeprom_data           eeprom_data  00000
__Lend_init              end_init     00002
__Lfunctab               functab      00000
__Lheap                  heap         00000
__LidataBANK1            idataBANK1   00000
__Linit                  init         00002
__Linittext              inittext     00000
__Lintentry              intentry     00002
__Lmaintext              maintext     00000
__Lpowerup               powerup      00000
__Lram                   ram          00000
__Lreset_vec             reset_vec    00000
__Lsfr0                  sfr0         00000
__Lsfr1                  sfr1         00000
__Lsfr10                 sfr10        00000
__Lsfr11                 sfr11        00000
__Lsfr12                 sfr12        00000
__Lsfr13                 sfr13        00000
__Lsfr14                 sfr14        00000
__Lsfr15                 sfr15        00000
__Lsfr16                 sfr16        00000
__Lsfr17                 sfr17        00000
__Lsfr18                 sfr18        00000
__Lsfr19                 sfr19        00000
__Lsfr2                  sfr2         00000
__Lsfr20                 sfr20        00000
__Lsfr21                 sfr21        00000
__Lsfr22                 sfr22        00000
__Lsfr23                 sfr23        00000
__Lsfr24                 sfr24        00000
__Lsfr25                 sfr25        00000
__Lsfr26                 sfr26        00000
__Lsfr27                 sfr27        00000
__Lsfr28                 sfr28        00000
__Lsfr29                 sfr29        00000
__Lsfr3                  sfr3         00000
__Lsfr30                 sfr30        00000
__Lsfr31                 sfr31        00000
__Lsfr4                  sfr4         00000
__Lsfr5                  sfr5         00000
__Lsfr6                  sfr6         00000
__Lsfr7                  sfr7         00000
__Lsfr8                  sfr8         00000
__Lsfr9                  sfr9         00000
__Lsivt                  sivt         00002
__Lspace_0               (abs)        00000
__Lspace_1               (abs)        00000
__Lspace_2               (abs)        00000
__Lspace_3               (abs)        00000
__Lspace_4               (abs)        00000
__Lstack                 stack        00000
__Lstrings               strings      00000
__Ltext                  text         00000
__S0                     (abs)        01000
__S1                     (abs)        000D5
__Umul8_16               text10       00006
__Umul8_16@multiplicand  cstackCOMMON 00070
__Umul8_16@multiplier    cstackCOMMON 00078
__Umul8_16@product       cstackCOMMON 00074
__Umul8_16@word_mpld     cstackCOMMON 00076
___awdiv                 text12       00E25
___awdiv@counter         cstackCOMMON 00074
___awdiv@dividend        cstackCOMMON 00072
___awdiv@divisor         cstackCOMMON 00070
___awdiv@quotient        cstackCOMMON 00076
___awdiv@sign            cstackCOMMON 00075
___awmod                 text11       00DD4
___awmod@counter         cstackCOMMON 00074
___awmod@dividend        cstackCOMMON 00072
___awmod@divisor         cstackCOMMON 00070
___awmod@sign            cstackCOMMON 00075
___fladd                 text8        0039F
___fladd@a               cstackCOMMON 00074
___fladd@aexp            cstackCOMMON 00079
___fladd@b               cstackCOMMON 00070
___fladd@bexp            cstackCOMMON 0007A
___fladd@grs             cstackCOMMON 0007B
___fladd@signs           cstackCOMMON 00078
___fldiv                 text15       001FB
___fldiv@a               cstackBANK0  0004A
___fldiv@aexp            cstackBANK0  00063
___fldiv@b               cstackBANK0  0004E
___fldiv@bexp            cstackBANK0  00062
___fldiv@grs             cstackBANK0  0005E
___fldiv@new_exp         cstackBANK0  0005C
___fldiv@rem             cstackBANK0  00057
___fldiv@sign            cstackBANK0  0005B
___flmul                 text9        005B0
___flmul@a               cstackBANK0  00034
___flmul@aexp            cstackBANK0  00042
___flmul@b               cstackBANK0  00030
___flmul@bexp            cstackBANK0  00043
___flmul@grs             cstackBANK0  0003E
___flmul@prod            cstackBANK0  00044
___flmul@sign            cstackBANK0  0003D
___flmul@temp            cstackBANK0  00048
___flsub                 text7        00D7F
___flsub@a               cstackBANK0  00028
___flsub@b               cstackBANK0  0002C
___fltol                 text6        00EED
___fltol@exp1            cstackBANK0  00053
___fltol@f1              cstackBANK0  0004A
___fltol@sign1           cstackBANK0  00052
___heap_hi               (abs)        00000
___heap_lo               (abs)        00000
___int_sp                stack        00000
___int_stack_hi          stack        00000
___int_stack_lo          stack        00000
___latbits               (abs)        00003
___sp                    stack        00000
___stack_hi              stack        00000
___stack_lo              stack        00000
___stackhi               (abs)        00000
___stacklo               (abs)        00000
___xxtofl                text5        00F5C
___xxtofl@arg            cstackCOMMON 0007A
___xxtofl@exp            cstackCOMMON 00079
___xxtofl@sign           cstackCOMMON 00078
___xxtofl@val            cstackCOMMON 00070
__end_of__Umul8_16       text10       00029
__end_of___awdiv         text12       00E80
__end_of___awmod         text11       00E25
__end_of___fladd         text8        005B0
__end_of___fldiv         text15       0039F
__end_of___flmul         text9        007EB
__end_of___flsub         text7        00D9F
__end_of___fltol         text6        00F5C
__end_of___xxtofl        text5        01000
__end_of__initialization cinit        007FD
__end_of_adc_chs         text14       000E3
__end_of_adc_init        text13       00D56
__end_of_main            maintext     00EED
__end_of_uart_char       text3        001FB
__end_of_uart_init       text2        00D68
__end_of_uart_read       text1        00D4C
__end_of_uart_write      text4        00DD4
__initialization         cinit        007EB
__pbssBANK0              bssBANK0     00066
__pcstackBANK0           cstackBANK0  00020
__pcstackBANK1           cstackBANK1  000A0
__pcstackCOMMON          cstackCOMMON 00070
__pdataBANK1             dataBANK1    000BE
__pidataBANK1            idataBANK1   00D68
__pmaintext              maintext     00E80
__ptext1                 text1        00D44
__ptext10                text10       00006
__ptext11                text11       00DD4
__ptext12                text12       00E25
__ptext13                text13       00D4C
__ptext14                text14       00029
__ptext15                text15       001FB
__ptext2                 text2        00D56
__ptext3                 text3        000E3
__ptext4                 text4        00D9F
__ptext5                 text5        00F5C
__ptext6                 text6        00EED
__ptext7                 text7        00D7F
__ptext8                 text8        0039F
__ptext9                 text9        005B0
_adc_chs                 text14       00029
_adc_init                text13       00D4C
_main                    maintext     00E80
_result                  bssBANK0     0006A
_uart_char               text3        000E3
_uart_init               text2        00D56
_uart_read               text1        00D44
_uart_write              text4        00D9F
adc_chs@F1853            dataBANK1    000BE
adc_chs@a                cstackBANK0  00037
adc_chs@chs              cstackBANK0  00020
btemp                    (abs)        0007E
end_of_initialization    cinit        007FD
init_ram                 inittext     00D3E
intlevel0                functab      00000
intlevel1                functab      00000
intlevel2                functab      00000
intlevel3                functab      00000
intlevel4                functab      00000
intlevel5                functab      00000
main@a                   cstackBANK0  00065
reset_vec                reset_vec    00000
start                    init         00002
start_initialization     cinit        007EB
uart_char@i              cstackBANK1  000BC
uart_char@sndchar        cstackBANK1  000A0
uart_char@v              cstackBANK0  00054
uart_char@vfl            cstackBANK1  000B8
uart_char@vfloat         cstackBANK1  000B4
uart_char@vint           cstackBANK1  000B6
uart_char@vintf          cstackBANK1  000BA
uart_write@buffer        cstackCOMMON 00070
uart_write@i             cstackCOMMON 00073
uart_write@len           cstackCOMMON 00071
wtemp0                   (abs)        0007E


MODULE INFORMATION

Module		Function		Class		Link	Load	Size
newmain.c
		_uart_write    		CODE           	0D9F	0000	53
		_uart_char     		CODE           	00E3	0000	280
		_main          		CODE           	0E80	0000	109
		_uart_read     		CODE           	0D44	0000	8
		_uart_init     		CODE           	0D56	0000	18
		_adc_chs       		CODE           	0029	0000	186
		_adc_init      		CODE           	0D4C	0000	10

newmain.c estimated size: 664

C:\Program Files\Microchip\xc8\v3.00\pic\sources\c99\common\awmod.c
		___awmod       		CODE           	0DD4	0000	81

C:\Program Files\Microchip\xc8\v3.00\pic\sources\c99\common\awmod.c estimated size: 81

C:\Program Files\Microchip\xc8\v3.00\pic\sources\c99\common\sprcmul.c
		___flmul       		CODE           	05B0	0000	571

C:\Program Files\Microchip\xc8\v3.00\pic\sources\c99\common\sprcmul.c estimated size: 571

C:\Program Files\Microchip\xc8\v3.00\pic\sources\c99\common\sprcdiv.c
		___fldiv       		CODE           	01FB	0000	420

C:\Program Files\Microchip\xc8\v3.00\pic\sources\c99\common\sprcdiv.c estimated size: 420

shared
		__initialization		CODE           	07EB	0000	18

shared estimated size: 18

C:\Program Files\Microchip\xc8\v3.00\pic\sources\c99\common\xxtofl.c
		___xxtofl      		CODE           	0F5C	0000	164

C:\Program Files\Microchip\xc8\v3.00\pic\sources\c99\common\xxtofl.c estimated size: 164

C:\Program Files\Microchip\xc8\v3.00\pic\sources\c99\common\awdiv.c
		___awdiv       		CODE           	0E25	0000	91

C:\Program Files\Microchip\xc8\v3.00\pic\sources\c99\common\awdiv.c estimated size: 91

C:\Program Files\Microchip\xc8\v3.00\pic\sources\c99\common\fltol.c
		___fltol       		CODE           	0EED	0000	111

C:\Program Files\Microchip\xc8\v3.00\pic\sources\c99\common\fltol.c estimated size: 111

C:\Program Files\Microchip\xc8\v3.00\pic\sources\c99\common\sprcadd.c
		___flsub       		CODE           	0D7F	0000	32
		___fladd       		CODE           	039F	0000	529

C:\Program Files\Microchip\xc8\v3.00\pic\sources\c99\common\sprcadd.c estimated size: 561

C:\Program Files\Microchip\xc8\v3.00\pic\sources\c99\common\Umul8_16.c
		__Umul8_16     		CODE           	0006	0000	35

C:\Program Files\Microchip\xc8\v3.00\pic\sources\c99\common\Umul8_16.c estimated size: 35

